mode: set
github.com/ZoneCNH/runtime-patches/binance/server.go:36.41,44.2 1 0
github.com/ZoneCNH/runtime-patches/binance/server.go:73.62,78.2 1 0
github.com/ZoneCNH/runtime-patches/binance/server.go:80.83,83.25 2 0
github.com/ZoneCNH/runtime-patches/binance/server.go:83.25,85.3 1 0
github.com/ZoneCNH/runtime-patches/binance/server.go:86.2,86.22 1 0
github.com/ZoneCNH/runtime-patches/binance/server.go:86.22,88.3 1 0
github.com/ZoneCNH/runtime-patches/binance/server.go:89.2,89.27 1 0
github.com/ZoneCNH/runtime-patches/binance/server.go:89.27,91.3 1 0
github.com/ZoneCNH/runtime-patches/binance/server.go:92.2,92.25 1 0
github.com/ZoneCNH/runtime-patches/binance/server.go:92.25,94.3 1 0
github.com/ZoneCNH/runtime-patches/binance/server.go:95.2,95.28 1 0
github.com/ZoneCNH/runtime-patches/binance/server.go:95.28,97.3 1 0
github.com/ZoneCNH/runtime-patches/binance/server.go:98.2,98.29 1 0
github.com/ZoneCNH/runtime-patches/binance/server.go:98.29,100.3 1 0
github.com/ZoneCNH/runtime-patches/binance/server.go:101.2,101.29 1 0
github.com/ZoneCNH/runtime-patches/binance/server.go:101.29,103.3 1 0
github.com/ZoneCNH/runtime-patches/binance/server.go:106.2,106.47 1 0
github.com/ZoneCNH/runtime-patches/binance/server.go:106.47,108.3 1 0
github.com/ZoneCNH/runtime-patches/binance/server.go:110.2,110.48 1 0
github.com/ZoneCNH/runtime-patches/binance/server.go:110.48,112.3 1 0
github.com/ZoneCNH/runtime-patches/binance/server.go:113.2,113.12 1 0
github.com/ZoneCNH/runtime-patches/binance/server.go:177.63,179.2 1 0
github.com/ZoneCNH/runtime-patches/binance/server.go:181.38,183.2 1 0
github.com/ZoneCNH/runtime-patches/binance/server.go:185.42,187.2 1 0
github.com/ZoneCNH/runtime-patches/contracts/ingestion.go:92.40,93.11 1 1
github.com/ZoneCNH/runtime-patches/contracts/ingestion.go:94.67,95.14 1 1
github.com/ZoneCNH/runtime-patches/contracts/ingestion.go:96.10,97.15 1 1
github.com/ZoneCNH/runtime-patches/contracts/ingestion.go:102.39,104.2 1 0
github.com/ZoneCNH/runtime-patches/contracts/ingestion.go:107.36,119.2 1 1
github.com/ZoneCNH/runtime-patches/domain-market/canonical.go:20.37,21.11 1 1
github.com/ZoneCNH/runtime-patches/domain-market/canonical.go:22.80,23.14 1 1
github.com/ZoneCNH/runtime-patches/domain-market/canonical.go:24.10,25.15 1 1
github.com/ZoneCNH/runtime-patches/domain-market/canonical.go:29.42,31.2 1 0
github.com/ZoneCNH/runtime-patches/domain-market/canonical.go:33.38,33.58 1 1
github.com/ZoneCNH/runtime-patches/domain-market/canonical.go:39.34,39.54 1 0
github.com/ZoneCNH/runtime-patches/domain-market/canonical.go:57.41,58.19 1 1
github.com/ZoneCNH/runtime-patches/domain-market/canonical.go:58.19,60.3 1 1
github.com/ZoneCNH/runtime-patches/domain-market/canonical.go:61.2,61.20 1 1
github.com/ZoneCNH/runtime-patches/domain-market/canonical.go:61.20,63.3 1 1
github.com/ZoneCNH/runtime-patches/domain-market/canonical.go:64.2,64.30 1 1
github.com/ZoneCNH/runtime-patches/domain-market/canonical.go:64.30,66.3 1 1
github.com/ZoneCNH/runtime-patches/domain-market/canonical.go:67.2,67.40 1 1
github.com/ZoneCNH/runtime-patches/domain-market/canonical.go:67.40,68.22 1 1
github.com/ZoneCNH/runtime-patches/domain-market/canonical.go:68.22,70.4 1 0
github.com/ZoneCNH/runtime-patches/domain-market/canonical.go:71.3,71.22 1 1
github.com/ZoneCNH/runtime-patches/domain-market/canonical.go:71.22,73.4 1 0
github.com/ZoneCNH/runtime-patches/domain-market/canonical.go:74.3,74.54 1 1
github.com/ZoneCNH/runtime-patches/domain-market/canonical.go:74.54,76.4 1 0
github.com/ZoneCNH/runtime-patches/domain-market/canonical.go:78.2,78.12 1 1
github.com/ZoneCNH/runtime-patches/domain-market/canonical.go:81.40,83.2 1 0
github.com/ZoneCNH/runtime-patches/domain-market/canonical.go:99.35,100.11 1 1
github.com/ZoneCNH/runtime-patches/domain-market/canonical.go:103.50,104.14 1 1
github.com/ZoneCNH/runtime-patches/domain-market/canonical.go:105.10,106.15 1 1
github.com/ZoneCNH/runtime-patches/domain-market/canonical.go:132.46,133.21 1 1
github.com/ZoneCNH/runtime-patches/domain-market/canonical.go:133.21,135.3 1 1
github.com/ZoneCNH/runtime-patches/domain-market/canonical.go:136.2,136.51 1 1
github.com/ZoneCNH/runtime-patches/domain-market/canonical.go:136.51,138.3 1 0
github.com/ZoneCNH/runtime-patches/domain-market/canonical.go:139.2,139.28 1 1
github.com/ZoneCNH/runtime-patches/domain-market/canonical.go:139.28,141.3 1 0
github.com/ZoneCNH/runtime-patches/domain-market/canonical.go:142.2,142.26 1 1
github.com/ZoneCNH/runtime-patches/domain-market/canonical.go:142.26,144.3 1 1
github.com/ZoneCNH/runtime-patches/domain-market/canonical.go:145.2,145.27 1 1
github.com/ZoneCNH/runtime-patches/domain-market/canonical.go:145.27,147.3 1 0
github.com/ZoneCNH/runtime-patches/domain-market/canonical.go:148.2,148.20 1 1
github.com/ZoneCNH/runtime-patches/domain-market/canonical.go:148.20,150.3 1 1
github.com/ZoneCNH/runtime-patches/domain-market/canonical.go:151.2,151.12 1 1
github.com/ZoneCNH/runtime-patches/domain-market/canonical.go:154.54,156.2 1 1
github.com/ZoneCNH/runtime-patches/domain-market/canonical.go:158.61,160.2 1 0
github.com/ZoneCNH/runtime-patches/market-data/dispatch.go:80.41,80.56 1 0
github.com/ZoneCNH/runtime-patches/market-data/dispatch.go:81.41,81.57 1 0
github.com/ZoneCNH/runtime-patches/market-data/dispatch.go:90.44,90.60 1 0
github.com/ZoneCNH/runtime-patches/market-data/dispatch.go:91.44,91.60 1 0
github.com/ZoneCNH/runtime-patches/market-data/dispatch.go:99.45,99.61 1 0
github.com/ZoneCNH/runtime-patches/market-data/dispatch.go:100.45,100.60 1 0
github.com/ZoneCNH/runtime-patches/market-data/dispatch.go:118.41,119.11 1 0
github.com/ZoneCNH/runtime-patches/market-data/dispatch.go:120.31,121.15 1 0
github.com/ZoneCNH/runtime-patches/market-data/dispatch.go:122.10,123.14 1 0
github.com/ZoneCNH/runtime-patches/market-data/dispatch.go:134.99,135.21 1 0
github.com/ZoneCNH/runtime-patches/market-data/dispatch.go:136.19,137.31 1 0
github.com/ZoneCNH/runtime-patches/market-data/dispatch.go:138.29,141.22 1 0
github.com/ZoneCNH/runtime-patches/market-data/dispatch.go:141.22,143.4 1 0
github.com/ZoneCNH/runtime-patches/market-data/dispatch.go:144.3,144.37 1 0
github.com/ZoneCNH/runtime-patches/market-data/dispatch.go:145.27,146.53 1 0
github.com/ZoneCNH/runtime-patches/market-data/dispatch.go:147.22,148.46 1 0
github.com/ZoneCNH/runtime-patches/market-data/dispatch.go:149.22,150.45 1 0
github.com/ZoneCNH/runtime-patches/market-data/dispatch.go:151.28,152.31 1 0
github.com/ZoneCNH/runtime-patches/market-data/dispatch.go:153.10,154.51 1 0
