mode: set
github.com/ZoneCNH/kernel/internal/testutil/testutil.go:6.62,8.17 2 1
github.com/ZoneCNH/kernel/internal/testutil/testutil.go:8.17,10.3 1 1
github.com/ZoneCNH/kernel/lifecycx/lifecycx.go:43.51,45.2 1 1
github.com/ZoneCNH/kernel/lifecycx/lifecycx.go:46.44,46.96 1 1
github.com/ZoneCNH/kernel/lifecycx/lifecycx.go:47.52,49.33 2 1
github.com/ZoneCNH/kernel/lifecycx/lifecycx.go:49.33,50.38 1 1
github.com/ZoneCNH/kernel/lifecycx/lifecycx.go:50.38,52.43 2 1
github.com/ZoneCNH/kernel/lifecycx/lifecycx.go:52.43,53.56 1 1
github.com/ZoneCNH/kernel/lifecycx/lifecycx.go:53.56,55.6 1 1
github.com/ZoneCNH/kernel/lifecycx/lifecycx.go:57.4,57.31 1 1
github.com/ZoneCNH/kernel/lifecycx/lifecycx.go:59.3,59.31 1 1
github.com/ZoneCNH/kernel/lifecycx/lifecycx.go:61.2,62.12 2 1
github.com/ZoneCNH/kernel/lifecycx/lifecycx.go:64.51,65.16 1 1
github.com/ZoneCNH/kernel/lifecycx/lifecycx.go:65.16,67.3 1 1
github.com/ZoneCNH/kernel/lifecycx/lifecycx.go:68.2,70.46 3 1
github.com/ZoneCNH/kernel/lifecycx/lifecycx.go:70.46,71.51 1 1
github.com/ZoneCNH/kernel/lifecycx/lifecycx.go:71.51,73.4 1 1
github.com/ZoneCNH/kernel/lifecycx/lifecycx.go:75.2,75.29 1 1
github.com/ZoneCNH/kernel/healthx/healthx.go:38.128,40.2 1 1
github.com/ZoneCNH/kernel/healthx/healthx.go:41.75,43.31 2 1
github.com/ZoneCNH/kernel/healthx/healthx.go:43.31,45.3 1 1
github.com/ZoneCNH/kernel/healthx/healthx.go:46.2,48.10 3 1
github.com/ZoneCNH/kernel/healthx/healthx.go:50.53,52.23 2 1
github.com/ZoneCNH/kernel/healthx/healthx.go:52.23,54.3 1 1
github.com/ZoneCNH/kernel/healthx/healthx.go:55.2,55.31 1 1
github.com/ZoneCNH/kernel/healthx/healthx.go:57.40,57.76 1 1
github.com/ZoneCNH/kernel/healthx/healthx.go:59.68,61.2 1 1
github.com/ZoneCNH/kernel/healthx/healthx.go:63.96,64.18 1 1
github.com/ZoneCNH/kernel/healthx/healthx.go:64.18,66.3 1 1
github.com/ZoneCNH/kernel/healthx/healthx.go:67.2,69.29 3 1
github.com/ZoneCNH/kernel/healthx/healthx.go:69.29,70.34 1 1
github.com/ZoneCNH/kernel/healthx/healthx.go:70.34,73.4 2 1
github.com/ZoneCNH/kernel/healthx/healthx.go:73.9,73.71 1 1
github.com/ZoneCNH/kernel/healthx/healthx.go:73.71,76.4 2 1
github.com/ZoneCNH/kernel/healthx/healthx.go:77.3,77.42 1 1
github.com/ZoneCNH/kernel/healthx/healthx.go:79.2,79.12 1 1
github.com/ZoneCNH/kernel/obsx/obsx.go:35.61,35.62 0 0
github.com/ZoneCNH/kernel/obsx/obsx.go:36.61,36.62 0 1
github.com/ZoneCNH/kernel/obsx/obsx.go:37.61,37.62 0 0
github.com/ZoneCNH/kernel/obsx/obsx.go:38.61,38.62 0 0
github.com/ZoneCNH/kernel/obsx/obsx.go:42.73,42.74 0 1
github.com/ZoneCNH/kernel/obsx/obsx.go:43.73,43.74 0 0
github.com/ZoneCNH/kernel/obsx/obsx.go:47.92,49.2 1 1
github.com/ZoneCNH/kernel/obsx/obsx.go:53.39,53.40 0 1
github.com/ZoneCNH/kernel/obsx/obsx.go:54.39,54.40 0 1
github.com/ZoneCNH/kernel/obsx/obsx.go:55.39,55.40 0 1
github.com/ZoneCNH/kernel/obsx/obsx.go:62.49,62.79 1 1
github.com/ZoneCNH/kernel/obsx/obsx.go:63.39,64.13 1 1
github.com/ZoneCNH/kernel/obsx/obsx.go:64.13,66.3 1 1
github.com/ZoneCNH/kernel/obsx/obsx.go:67.2,67.14 1 1
github.com/ZoneCNH/kernel/obsx/obsx.go:69.53,69.74 1 1
github.com/ZoneCNH/kernel/obsx/obsx.go:70.53,70.74 1 1
github.com/ZoneCNH/kernel/obsx/obsx.go:71.53,71.88 1 1
github.com/ZoneCNH/kernel/obsx/obsx.go:72.53,72.73 1 1
github.com/ZoneCNH/kernel/obsx/obsx.go:73.53,73.71 1 1
github.com/ZoneCNH/kernel/obsx/obsx.go:75.58,77.55 2 1
github.com/ZoneCNH/kernel/obsx/obsx.go:77.55,78.28 1 1
github.com/ZoneCNH/kernel/obsx/obsx.go:78.28,80.4 1 1
github.com/ZoneCNH/kernel/obsx/obsx.go:82.2,82.36 1 1
github.com/ZoneCNH/kernel/obsx/obsx.go:82.36,84.3 1 1
github.com/ZoneCNH/kernel/obsx/obsx.go:85.2,85.44 1 1
github.com/ZoneCNH/kernel/obsx/obsx.go:85.44,87.3 1 1
github.com/ZoneCNH/kernel/obsx/obsx.go:88.2,89.47 2 1
github.com/ZoneCNH/kernel/contracttest/contracttest.go:11.66,14.16 3 1
github.com/ZoneCNH/kernel/contracttest/contracttest.go:14.16,16.3 1 1
github.com/ZoneCNH/kernel/contracttest/contracttest.go:17.2,18.54 2 1
github.com/ZoneCNH/kernel/contracttest/contracttest.go:18.54,20.3 1 1
github.com/ZoneCNH/kernel/contracttest/contracttest.go:21.2,21.27 1 1
github.com/ZoneCNH/kernel/contracttest/contracttest.go:21.27,22.30 1 1
github.com/ZoneCNH/kernel/contracttest/contracttest.go:22.30,24.4 1 1
github.com/ZoneCNH/kernel/contracttest/contracttest.go:27.68,29.29 2 1
github.com/ZoneCNH/kernel/contracttest/contracttest.go:29.29,31.3 1 1
github.com/ZoneCNH/kernel/contracttest/contracttest.go:33.97,35.24 2 1
github.com/ZoneCNH/kernel/contracttest/contracttest.go:35.24,37.3 1 1
github.com/ZoneCNH/kernel/contextx/contextx.go:21.40,23.2 1 1
github.com/ZoneCNH/kernel/contextx/contextx.go:25.34,26.23 1 1
github.com/ZoneCNH/kernel/contextx/contextx.go:26.23,27.22 1 1
github.com/ZoneCNH/kernel/contextx/contextx.go:29.2,29.19 1 1
github.com/ZoneCNH/kernel/contextx/contextx.go:33.81,35.2 1 1
github.com/ZoneCNH/kernel/contextx/contextx.go:39.62,42.2 2 1
github.com/ZoneCNH/kernel/contextx/contextx.go:45.44,48.2 2 1
github.com/ZoneCNH/kernel/contextx/contextx.go:53.86,55.9 2 1
github.com/ZoneCNH/kernel/contextx/contextx.go:55.9,57.3 1 1
github.com/ZoneCNH/kernel/contextx/contextx.go:58.2,59.19 2 1
github.com/ZoneCNH/kernel/contextx/contextx.go:59.19,61.3 1 1
github.com/ZoneCNH/kernel/contextx/contextx.go:62.2,62.24 1 1
github.com/ZoneCNH/kernel/contextx/contextx.go:66.39,67.9 1 1
github.com/ZoneCNH/kernel/contextx/contextx.go:68.20,69.14 1 1
github.com/ZoneCNH/kernel/contextx/contextx.go:70.10,71.15 1 1
github.com/ZoneCNH/kernel/contextx/contextx.go:76.45,78.2 1 1
github.com/ZoneCNH/kernel/errx/errx.go:49.65,51.2 1 1
github.com/ZoneCNH/kernel/errx/errx.go:54.79,56.2 1 1
github.com/ZoneCNH/kernel/errx/errx.go:59.32,60.14 1 1
github.com/ZoneCNH/kernel/errx/errx.go:60.14,62.3 1 1
github.com/ZoneCNH/kernel/errx/errx.go:63.2,63.32 1 1
github.com/ZoneCNH/kernel/errx/errx.go:63.32,65.3 1 1
github.com/ZoneCNH/kernel/errx/errx.go:66.2,66.16 1 1
github.com/ZoneCNH/kernel/errx/errx.go:66.16,68.3 1 1
github.com/ZoneCNH/kernel/errx/errx.go:69.2,69.49 1 1
github.com/ZoneCNH/kernel/errx/errx.go:73.32,74.14 1 1
github.com/ZoneCNH/kernel/errx/errx.go:74.14,76.3 1 1
github.com/ZoneCNH/kernel/errx/errx.go:77.2,77.16 1 1
github.com/ZoneCNH/kernel/errx/errx.go:84.54,85.14 1 1
github.com/ZoneCNH/kernel/errx/errx.go:85.14,87.3 1 1
github.com/ZoneCNH/kernel/errx/errx.go:88.2,89.10 2 1
github.com/ZoneCNH/kernel/errx/errx.go:95.46,96.14 1 1
github.com/ZoneCNH/kernel/errx/errx.go:96.14,98.3 1 1
github.com/ZoneCNH/kernel/errx/errx.go:99.2,100.10 2 1
github.com/ZoneCNH/kernel/errx/errx.go:106.56,107.14 1 1
github.com/ZoneCNH/kernel/errx/errx.go:107.14,109.3 1 1
github.com/ZoneCNH/kernel/errx/errx.go:110.2,111.10 2 1
github.com/ZoneCNH/kernel/errx/errx.go:115.45,116.45 1 1
github.com/ZoneCNH/kernel/errx/errx.go:116.45,118.3 1 1
github.com/ZoneCNH/kernel/errx/errx.go:122.40,124.29 2 1
github.com/ZoneCNH/kernel/errx/errx.go:124.29,126.3 1 1
github.com/ZoneCNH/kernel/errx/errx.go:127.2,127.19 1 1
github.com/ZoneCNH/kernel/errx/errx.go:130.58,131.16 1 1
github.com/ZoneCNH/kernel/errx/errx.go:131.16,133.3 1 1
github.com/ZoneCNH/kernel/errx/errx.go:134.2,134.70 1 1
github.com/ZoneCNH/kernel/errx/errx.go:134.70,136.3 1 1
github.com/ZoneCNH/kernel/errx/errx.go:137.2,137.33 1 1
github.com/ZoneCNH/kernel/errx/errx.go:138.37,139.44 1 1
github.com/ZoneCNH/kernel/errx/errx.go:139.44,140.32 1 1
github.com/ZoneCNH/kernel/errx/errx.go:140.32,142.5 1 1
github.com/ZoneCNH/kernel/errx/errx.go:144.35,145.47 1 1
github.com/ZoneCNH/kernel/errx/errx.go:147.2,147.14 1 1
github.com/ZoneCNH/kernel/retryx/retryx.go:18.39,20.2 1 1
github.com/ZoneCNH/kernel/retryx/retryx.go:21.39,22.24 1 1
github.com/ZoneCNH/kernel/retryx/retryx.go:22.24,24.3 1 1
github.com/ZoneCNH/kernel/retryx/retryx.go:25.2,25.21 1 1
github.com/ZoneCNH/kernel/retryx/retryx.go:25.21,27.3 1 1
github.com/ZoneCNH/kernel/retryx/retryx.go:28.2,28.20 1 1
github.com/ZoneCNH/kernel/retryx/retryx.go:28.20,30.3 1 1
github.com/ZoneCNH/kernel/retryx/retryx.go:31.2,31.48 1 1
github.com/ZoneCNH/kernel/retryx/retryx.go:31.48,33.3 1 1
github.com/ZoneCNH/kernel/retryx/retryx.go:34.2,34.12 1 1
github.com/ZoneCNH/kernel/retryx/retryx.go:36.55,37.38 1 1
github.com/ZoneCNH/kernel/retryx/retryx.go:37.38,39.3 1 1
github.com/ZoneCNH/kernel/retryx/retryx.go:40.2,41.31 2 1
github.com/ZoneCNH/kernel/retryx/retryx.go:41.31,42.28 1 1
github.com/ZoneCNH/kernel/retryx/retryx.go:42.28,44.9 2 1
github.com/ZoneCNH/kernel/retryx/retryx.go:46.3,46.13 1 1
github.com/ZoneCNH/kernel/retryx/retryx.go:48.2,48.42 1 1
github.com/ZoneCNH/kernel/retryx/retryx.go:48.42,50.3 1 1
github.com/ZoneCNH/kernel/retryx/retryx.go:51.2,51.14 1 1
github.com/ZoneCNH/kernel/retryx/retryx.go:53.98,55.29 2 1
github.com/ZoneCNH/kernel/retryx/retryx.go:55.29,57.3 1 1
github.com/ZoneCNH/kernel/retryx/retryx.go:58.2,58.19 1 1
github.com/ZoneCNH/kernel/retryx/retryx.go:58.19,60.3 1 1
github.com/ZoneCNH/kernel/retryx/retryx.go:61.2,61.18 1 1
github.com/ZoneCNH/kernel/retryx/retryx.go:61.18,63.3 1 1
github.com/ZoneCNH/kernel/retryx/retryx.go:64.2,66.13 3 1
github.com/ZoneCNH/kernel/retryx/retryx.go:66.13,68.3 1 1
github.com/ZoneCNH/kernel/retryx/retryx.go:69.2,69.40 1 1
github.com/ZoneCNH/kernel/retryx/retryx.go:69.40,71.3 1 1
github.com/ZoneCNH/kernel/retryx/retryx.go:72.2,72.12 1 1
github.com/ZoneCNH/kernel/retryx/retryx.go:76.34,77.50 1 1
github.com/ZoneCNH/kernel/retryx/retryx.go:77.50,79.3 1 1
github.com/ZoneCNH/kernel/retryx/retryx.go:82.63,83.16 1 1
github.com/ZoneCNH/kernel/retryx/retryx.go:83.16,85.3 1 1
github.com/ZoneCNH/kernel/retryx/retryx.go:86.2,86.75 1 1
github.com/ZoneCNH/kernel/retryx/retryx.go:86.75,88.3 1 1
github.com/ZoneCNH/kernel/retryx/retryx.go:89.2,89.33 1 1
github.com/ZoneCNH/kernel/retryx/retryx.go:90.37,91.44 1 1
github.com/ZoneCNH/kernel/retryx/retryx.go:91.44,92.32 1 1
github.com/ZoneCNH/kernel/retryx/retryx.go:92.32,94.5 1 1
github.com/ZoneCNH/kernel/retryx/retryx.go:96.35,97.47 1 1
github.com/ZoneCNH/kernel/retryx/retryx.go:99.2,99.14 1 1
github.com/ZoneCNH/kernel/validx/validx.go:6.61,7.8 1 1
github.com/ZoneCNH/kernel/validx/validx.go:7.8,9.3 1 1
github.com/ZoneCNH/kernel/validx/validx.go:10.2,10.96 1 1
github.com/ZoneCNH/kernel/validx/validx.go:12.58,13.8 1 1
github.com/ZoneCNH/kernel/validx/validx.go:13.8,15.3 1 1
github.com/ZoneCNH/kernel/validx/validx.go:16.2,16.92 1 1
github.com/ZoneCNH/kernel/validx/validx.go:18.66,20.2 1 1
github.com/ZoneCNH/kernel/timex/timex.go:12.34,12.56 1 1
github.com/ZoneCNH/kernel/timex/timex.go:13.34,13.55 1 1
github.com/ZoneCNH/kernel/timex/timex.go:18.46,18.77 1 1
github.com/ZoneCNH/kernel/timex/timex.go:19.46,19.62 1 1
github.com/ZoneCNH/kernel/timex/timex.go:24.45,24.76 1 1
github.com/ZoneCNH/kernel/timex/timex.go:25.37,26.14 1 1
github.com/ZoneCNH/kernel/timex/timex.go:26.14,28.3 1 1
github.com/ZoneCNH/kernel/timex/timex.go:29.2,29.14 1 1
github.com/ZoneCNH/kernel/timex/timex.go:31.46,32.14 1 1
github.com/ZoneCNH/kernel/timex/timex.go:32.14,34.3 1 1
github.com/ZoneCNH/kernel/syncx/syncx.go:16.51,17.12 1 1
github.com/ZoneCNH/kernel/syncx/syncx.go:17.12,19.3 1 1
github.com/ZoneCNH/kernel/syncx/syncx.go:20.2,20.54 1 1
github.com/ZoneCNH/kernel/syncx/syncx.go:22.63,23.34 1 1
github.com/ZoneCNH/kernel/syncx/syncx.go:23.34,25.3 1 1
github.com/ZoneCNH/kernel/syncx/syncx.go:26.2,26.9 1 1
github.com/ZoneCNH/kernel/syncx/syncx.go:27.26,28.13 1 1
github.com/ZoneCNH/kernel/syncx/syncx.go:29.20,30.19 1 1
github.com/ZoneCNH/kernel/syncx/syncx.go:37.38,39.2 1 1
github.com/ZoneCNH/kernel/syncx/syncx.go:41.46,42.9 1 1
github.com/ZoneCNH/kernel/syncx/syncx.go:43.14,44.14 1 1
github.com/ZoneCNH/kernel/syncx/syncx.go:45.10,46.15 1 1
github.com/ZoneCNH/kernel/syncx/syncx.go:59.55,62.2 2 1
github.com/ZoneCNH/kernel/syncx/syncx.go:66.58,68.2 1 1
github.com/ZoneCNH/kernel/syncx/syncx.go:70.66,72.14 2 1
github.com/ZoneCNH/kernel/syncx/syncx.go:72.14,75.3 2 1
github.com/ZoneCNH/kernel/syncx/syncx.go:76.2,78.12 3 1
github.com/ZoneCNH/kernel/syncx/syncx.go:78.12,80.35 2 1
github.com/ZoneCNH/kernel/syncx/syncx.go:80.35,82.4 1 1
github.com/ZoneCNH/kernel/syncx/syncx.go:84.2,84.13 1 1
github.com/ZoneCNH/kernel/syncx/syncx.go:87.46,90.22 3 1
github.com/ZoneCNH/kernel/syncx/syncx.go:90.22,92.3 1 1
github.com/ZoneCNH/kernel/syncx/syncx.go:93.2,93.30 1 1
github.com/ZoneCNH/kernel/syncx/syncx.go:95.36,104.2 8 1
github.com/ZoneCNH/kernel/versionx/versionx.go:19.83,21.2 1 1
github.com/ZoneCNH/kernel/versionx/versionx.go:22.87,24.2 1 1
github.com/ZoneCNH/kernel/versionx/versionx.go:31.60,32.47 1 1
github.com/ZoneCNH/kernel/versionx/versionx.go:32.47,34.3 1 1
github.com/ZoneCNH/kernel/versionx/versionx.go:35.2,35.19 1 1
github.com/ZoneCNH/kernel/versionx/versionx.go:35.19,37.3 1 1
github.com/ZoneCNH/kernel/versionx/versionx.go:38.2,40.15 3 1
github.com/ZoneCNH/kernel/versionx/versionx.go:40.15,42.3 1 1
github.com/ZoneCNH/kernel/versionx/versionx.go:43.2,43.47 1 1
github.com/ZoneCNH/kernel/versionx/versionx.go:46.46,50.2 3 1
github.com/ZoneCNH/kernel/versionx/versionx.go:52.42,54.2 1 1
github.com/ZoneCNH/kernel/versionx/versionx.go:58.48,60.13 2 1
github.com/ZoneCNH/kernel/versionx/versionx.go:60.13,62.3 1 1
github.com/ZoneCNH/kernel/versionx/versionx.go:63.2,64.18 2 1
github.com/ZoneCNH/kernel/versionx/versionx.go:64.18,66.3 1 1
github.com/ZoneCNH/kernel/versionx/versionx.go:68.2,68.27 1 1
github.com/ZoneCNH/kernel/versionx/versionx.go:68.27,69.25 1 1
github.com/ZoneCNH/kernel/versionx/versionx.go:69.25,71.4 1 1
github.com/ZoneCNH/kernel/versionx/versionx.go:73.2,73.15 1 1
github.com/ZoneCNH/kernel/shutdownx/shutdownx.go:25.33,25.55 1 1
github.com/ZoneCNH/kernel/shutdownx/shutdownx.go:27.55,27.75 1 1
github.com/ZoneCNH/kernel/shutdownx/shutdownx.go:36.41,38.2 1 1
github.com/ZoneCNH/kernel/shutdownx/shutdownx.go:41.39,45.2 3 1
github.com/ZoneCNH/kernel/shutdownx/shutdownx.go:49.55,56.39 6 1
github.com/ZoneCNH/kernel/shutdownx/shutdownx.go:56.39,57.48 1 1
github.com/ZoneCNH/kernel/shutdownx/shutdownx.go:57.48,59.4 1 1
github.com/ZoneCNH/kernel/shutdownx/shutdownx.go:61.2,61.29 1 1
github.com/ZoneCNH/kernel/shutdownx/shutdownx.go:65.34,71.2 5 1
github.com/ZoneCNH/kernel/shutdownx/shutdownx.go:76.104,78.2 1 1
